[    0.000000] Initializing cgroup subsys cpuset
[    0.000000] Initializing cgroup subsys cpu
[    0.000000] Initializing cgroup subsys cpuacct
[    0.0000] Linux vrsion 4.4.0-137-generic (buildd@lgw01-amd64-037) (gcc version 5.4.0 20160609 (Ubuntu 5.4.0-6ubuntu1~16.04.10) ) #163-Ubuntu SMP Mon Sep 24 13:14:43 UTC 2018 (Ubuntu 4.4.0-137.163-generic 4.4.144)
[    0.000000] Command line: BOOT_IMAGE=/boot/vmlinuz-4.4.0-137-generic root=LABEL=cloudimg-rootfs ro console=tty1 console=ttyS0
[    0.000000] KERNEL suppoted cpus:
[    000000]   Intel nuneIntel[   0.000000]   AMAutheticAMD
[    0.000000]   Centaur CentaurHauls
[    0.000000] x86/fpu: xstate_offset[2]:  576, state_sizes[2]: 25
    0.00000]x8/fpu: uporing SAE eature 01:'x87 floating point registers'
[    0.0000] 86/fpu: Supporting XSAVE feature 002: 'SE egisters'
[    .00000] x86/fpu: SupportingXSAVE feature 0x04: 'AVX registers'
[   .000000] x86/pu Eabled xsat fatures 0x7, context size is 832 bytes, using 'standard' format.
[    0.000000] e820: BIOS-provided physical RAM map:
[    0.000000] BIOS-e820: [mem 0x0000000000000000-0x000000000009fbff] usable
[    0.000000] BIOS-e820: [mem 0x000000000009fc00-0x000000000009ffff] reserved
[    0.000000] BIOS-e820: [mem 0x00000000000f0000-0x00000000000fffff] reserved
[    0.000000] BIOS-e820: [mem 0x0000000000100000-0x000000003ffeffff] usable
[    0.000000] BIOS-e820: [mem 0x000000003fff0000-0x000000003fffffff] ACPI data
[   0000000]BIS-e820: em 0x00000000fec00000-0x00000000fec00fff] reserved
[    0.000000] BIOS-e820: [mem 0x00000000fee00000-0x00000000fee00fff] reserved
[    0.000000] BIOS-e820: [mem 0x00000000fffc0000-0x00000000ffffffff] reserved
[    00000] NX (Exut Disale potection: active
   0.000000] SBIOS 2.5 present.
[    0.000000] Hypervisor detected: KVM
[    000000] e82: as_pfn = 0x3fff0 max_arch_pfn= x40000000[    0.000000MTR: Disabed
[   0.000000] x86/PAT: MTRRs disabled, sppng PAT iniiaiztion to.
[    00000] CPU MTRRs llblnk - vrtalzed system.
[    .0000] x86/PAT: Configration [0-7: B  WT  UC- UC  WB  WT  UC- UC  
[    0.000000] found SMP MP-table at [mem 0x0009fff0-0x0009ffff] mapped at [ffff88000009fff0]
[    0.000000] Scanning 1 areas for low memory corruption
[    0.000000] RAMDISK: [mem 0x3630e000-0x3717efff]
[    0.000000] ACPI: Early table checksum verification disabled
[    0.000000] ACPI: RSDP 00000000000E0000 000024 (v02 VBOX   )
[    0.000000] ACPI: XSDT 0x000000003FFF0030 00003C (v01 VBOX   VBOXXSDT 00000001 ASL  00000061)
[    0.000000] ACPI: FACP 0x000000003FFF00F0 0000F4 (v04 VBOX   VBOXFACP 00000001 ASL  00000061)
[    0.000000] ACPI: DSDT 0x000000003FFF0470 0021FF (v02 VBOX   VBOXBIOS 00000002 INTL 20100528)
[    0.000000] ACPI: FACS 0x000000003FFF0200 000040
[    0.000000] ACPI: FACS 0x000000003FFF0200 000040
[    0.000000] ACPI: APIC 0x000000003FFF0240 00005C (v02 VBOX   VBOXAPIC 00000001 ASL  00000061)
[    0.000000] ACPI: SSDT 0x000000003FFF02A0 0001CC (v01 VBOX   VBOXCPUT 00000002 INTL 20100528)
[    0.000000] No NUMA configuration found
[    0.000000] Faking a node at[mem 0x0000000000000000-0x000000003ffeffff]
[    0.000000] NODE_DATA(0) allocated [mem 0x3ffeb000-0x3ffeffff]
[    0.000000] kvm-clock: Using msrs 4b564d01 and 4b564d00
[    0.000000] kvm-clock: cpu 0, msr 0:3ffe3001, primary cpu clock
[    0.000000] kvm-clock: using sched offset of 3474148279 cycles
[    0.000000] clocksource: kvm-clock: mask: 0xffffffffffffffff max_cycles: 0x1cd42e4dffb, max_idle_ns: 881590591483 ns
[    0.000000] Zone ranges:
[    0.000000]   DMA      [mem 0x0000000000001000-0x0000000000ffffff]
[    0.000000]   DMA32    [mem 0x0000000001000000-0x00000003ffeffff]
[    0.000000]   Normal   empty
[    0.000000]   Device   empty
[    0.000000] Movable zone start for each node
[    0.000000] Early memory node ranges
[    0.000000]   node   0: [mem 0x0000000000001000-0x000000000009efff]
[    0.000000]   node   0: [mem 0x0000000000100000-0x000000003ffeffff]
[    0.000000] Initmem setup node 0 [mem 0x0000000000001000-0x000000003ffeffff]
[    0.000000] ACPI: PM-Timer IO Port: 0x4008
[    0.000000] IOAPIC[0]: apic_id 2, version 32, address 0xfec00000, GSI 0-23
[    0.000000] ACPI: INT_SRC_OVR (bus 0 bus_irq 0 global_irq 2 dfl dfl)
[    0.000000] ACPI: INT_SRC_OVR (bus 0 bus_irq 9 global_irq 9 low level)
[    0.000000] Using ACPI (MADT) for SMP configuration information
[    0.000000] smpboot: Allowing 2 CPUs, 0 hotplug CPUs
[    0.000000] PM: Registered nosave memory: [mem 0x00000000-0x00000fff]
[    0.000000] PM: Registered nosave memory: [mem 0x0009f000-0x0009ffff]
[    0.000000] PM: Registered nosave memory: [mem 0x000a0000-0x000effff]
[    0.000000] PM: Registered nosave memory: [mem 0x000f0000-0x000fffff]
[    0.000000] e820: [mem 0x40000000-0xfebfffff] available for PCI devices
[    0.000000] Booting paravirtualized kernel on KVM
[    0.000000] clocksource: refined-jiffies: mask: 0xffffffff max_cycles: 0xffffffff, max_idle_ns: 7645519600211568 ns
[    0.000000] setup_percpu: NR_CPUS:512 nr_cpumask_bits:512 nr_cpu_ids:2 nr_node_ids:1
[    0.000000] PERCPU: Embedded 34 pages/cpu @ffff88003fc00000 s99608 r8192 d31464 u1048576
[    0.000000] PV qspinlock hash table entries: 256 (order: 0, 4096 bytes)
[    0.000000] Built 1 zonelists in Node order, mobility grouping on.  Total pages: 257912
[    0.000000] Policy zone: DMA32
[    0.000000] Kernel command line: BOOT_IMAGE=/boot/vmlinuz-4.4.0-137-generic root=LABEL=cloudimg-rootfs ro console=tty1 console=ttyS0
[    0.000000] PID hash table entries: 4096 (order: 3, 32768 bytes)
[    0.000000] Memory: 997716K/1048120K available (8555K kernel code, 1314K rwdata, 4004K rodata, 1528K init, 1316K bss, 50404K reserved, 0K cma-reserved)
[    0.000000] SLUB: HWalign=64, Order=0-3, MinObjects=0, CPUs=2, Nodes=1
[    0.000000] Kernel/User page tables isolation: enabled
[    0.000000] Hierarchical RCU implementation.
[    0.000000] 	Build-time adjustment of leaf fanout to 64.
[    0.000000] 	RCU restricting CPUs from NR_CPUS=512 to nr_cpu_ids=2.
[    0.000000] RCU: Adjusting geometry for rcu_fanout_leaf=64, nr_cpu_ids=2
[    0.000000] NR_IRQS:33024 nr_irqs:440 16
[    0.000000] Console: colour VGA+ 80x25
[    0.000000] console [tty1] enabled
[    0.000000] console [ttyS0] enabled
[    0.000000] tsc: Detected 1599.999 MHz processor
[    2.540467] Calibrating delay loop (skipped) preset value.. 3199.99 BogoMIPS (lpj=6399996)
[    2.546828] pid_max: default: 32768 minimum: 301
[    2.548881] ACPI: Core revision 20150930
[    2.553424] ACPI: 2 ACPI AML tables successfully acquired and loaded
[    2.556082] Security Framework initialized
[    2.557379] Yama: becoming mindful.
[    2.569792] AppArmor: AppArmor initialized
[    2.575727] Dentry cache hash table entries: 131072 (order: 8, 1048576 bytes)
[    2.602095] Inode-cache hash table entries: 65536 (order: 7, 524288 bytes)
[    2.604078] Mount-cache hash table entries: 2048 (order: 2, 16384 bytes)
[    2.605875] Mountpoint-cache hash table entries: 2048 (order: 2, 16384 bytes)
[    2.613730] Initializing cgroup subsys io
[    2.615110] Initializing cgroup subsys memory
[    2.616599] Initializing cgroup subsys devices
[    2.617919] Initializing cgroup subsys freezer
[    2.619322] Initializing cgroup subsys net_cls
[    2.620702] Initializing cgroup subsys perf_event
[    2.622057] Initializing cgroup subsys net_prio
[    2.629036] Initializing cgroup subsys hugetlb
[    2.630398] Initializing cgroup subsys pids
[    2.633119] mce: CPU supports 0 MCE banks
[    2.634474] Last level iTLB entries: 4KB 64, 2MB 8, 4MB 8
[    2.636086] Last level dTLB entries: 4KB 64, 2MB 0, 4MB 0, 1GB 4
[    2.639366] Spectre V2 : Mitigation: Full generic retpoline
[    2.640997] Spectre V2 : Spectre v2 mitigation: Speculation control IBPB not-supported IBRS not-supported
[    2.652376] Spectre V2 : Spectre v2 / SpectreRSB mitigation: Filling RSB on context switch
[    2.655297] Speculative Store Bypass: Vulnerable
[    2.660179] Freeing SMP alternatives memory: 32K
[    2.679456] ftrace: allocating 32265 entries in 127 pages
[    2.810286] smpboot: APIC(0) Converting physical 0 to logical package 0
[    2.850590] smpboot: Max logical packages: 1
[    2.852049] x2apic enabled
[    2.853178] Switched APIC routing to physical x2apic.
[    2.856103] ..TIMER: vector=0x30 apic1=0 pin1=2 apic2=-1 pin2=-1
[    2.974676] smpboot: CPU0: Intel(R) Core(TM) i5-5250U CPU @ 1.60GHz (family: 0x6, model: 0x3d, stepping: 0x4)
[    3.039104] Performance Events: unsupported p6 CPU model 61 no PMU driver, software events only.
[    3.067399] KVM setup paravirtual spinlock
[    3.088155] x86: Booting SMP configuration:
[    3.119476] .... node  #0, CPUs:      #1
[    3.120707] kvm-clock: cpu 1, msr 0:3ffe3041, secondary cpu clock
[    3.123096] mce: CPU supports 0 MCE banks
[    3.125955] x86: Booted up 1 node, 2 CPUs
[    3.140326] smpboot: Total of 2 processors activated (6399.99 BogoMIPS)
[    3.155519] devtmpfs: initialized
[    3.169752] evm: security.selinux
[    3.180406] evm: security.SMACK64
[    3.192204] evm: security.SMACK64EXEC
[    3.193649] evm: security.SMACK64TRANSMUTE
[    3.210748] evm: security.SMACK64MMAP
[    3.224446] evm: security.ima
[    3.240000] evm: security.capability
[    3.250571] clocksource: jiffies: mask: 0xffffffff max_cycles: 0xffffffff, max_idle_ns: 7645041785100000 ns
[    3.253390] futex hash table entries: 512 (order: 3, 32768 bytes)
[    3.255381] pinctrl core: initialized pinctrl subsystem
[    3.256993] RTC time: 16:18:09, date: 10/16/18
[    3.258555] NET: Registered protocol family 16
[    3.274931] cpuidle: using governor ladder
[    3.287537] cpuidle: using governor menu
[    3.288878] PCCT header not found.
[    3.307948] ACPI: bus type PCI registered
[    3.316127] acpiphp: ACPI Hot Plug PCI Controller Driver version: 0.5
[    3.350724] PCI: Using configuration type 1 for base access
[    3.389097] ACPI: Added _OSI(Module Device)
[    3.392166] ACPI: Added _OSI(Processor Device)
[    3.410843] ACPI: Added _OSI(3.0 _SCP Extensions)
[    3.428665] ACPI: Added _OSI(Processor Aggregator Device)
[    3.431456] ACPI: Executed 1 blocks of module-level executable AML code
[    3.436022] ACPI: Interpreter enabled
[    3.437254] ACPI: (supports S0 S5)
[    3.438331] ACPI: Using IOAPIC for interrupt routing
[    3.439970] PCI: Using host bridge windows from ACPI; if necessary, use "pci=nocrs" and report a bug
[    3.447406] ACPI: PCI Root Bridge [PCI0] (domain 0000 [bus 00-ff])
[    3.449237] acpi PNP0A03:00: _OSC: OS supports [ASPM ClockPM Segments MSI]
[    3.523301] acpi PNP0A03:00: _OSC: not requesting OS control; OS requires [ExtendedConfig ASPM ClockPM MSI]
[    3.565556] acpi PNP0A03:00: fail to add MMCONFIG information, can't access extended PCI configuration space under this bridge.
[    3.581720] PCI host bridge to bus 0000:00
[    3.583022] pci_bus 0000:00: root bus resource [io  0x0000-0x0cf7 window]
[    3.584866] pci_bus 0000:00: root bus resource [io  0x0d00-0xffff window]
[    3.586709] pci_bus 0000:00: root bus resource [mem 0x000a0000-0x000bffff window]
[    3.588984] pci_bus 0000:00: root bus resource [mem 0x40000000-0xfdffffff window]
[    3.623534] pci_bus 0000:00: root bus resource [bus 00-ff]
[    3.650001] pci 0000:00:01.1: legacy IDE quirk: reg 0x10: [io  0x01f0-0x01f7]
[    3.661715] pci 0000:00:01.1: legacy IDE quirk: reg 0x14: [io  0x03f6]
[    3.673430] pci 0000:00:01.1: legacy IDE quirk: reg 0x18: [io  0x0170-0x0177]
[    3.680046] pci 0000:00:01.1: legacy IDE quirk: reg 0x1c: [io  0x0376]
[    3.716280] pci 0000:00:07.0: quirk: [io  0x4000-0x403f] claimed by PIIX4 ACPI
[    3.750308] pci 0000:00:07.0: quirk: [io  0x4100-0x410f] claimed by PIIX4 SMB
[    3.797273] ACPI: PCI Interrupt Link [LNKA] (IRQs 5 9 10 *11)
[    3.819508] ACPI: PCI Interrupt Link [LNKB] (IRQs 5 9 *10 11)
[    3.835654] ACPI: PCI Interrupt Link [LNKC] (IRQs 5 *9 10 11)
[    3.855135] ACPI: PCI Interrupt Link [LNKD] (IRQs 5 9 10 *11)
[    3.879210] ACPI: Enabled 2 GPEs in block 00 to 07
[    3.904982] vgaarb: setting as boot device: PCI:0000:00:02.0
[    3.911835] vgaarb: device added: PCI:0000:00:02.0,decodes=io+mem,owns=io+mem,locks=none
[    3.944478] vgaarb: loaded
[    3.948636] vgaarb: bridge control possible 0000:00:02.0
[    3.964856] SCSI subsystem initialized
[    3.971215] ACPI: bus type USB registered
[    3.986739] usbcore: registered new interface driver usbfs
[    4.019558] usbcore: registered new interface driver hub
[    4.035300] usbcore: registered new device driver usb
[    4.062530] PCI: Using ACPI for IRQ routing
[    4.080907] NetLabel: Initializing
[    4.099196] NetLabel:  domain hash size = 128
[    4.112293] NetLabel:  protocols = UNLABELED CIPSOv4
[    4.137680] NetLabel:  unlabeled traffic allowed by default
[    4.147748] amd_nb: Cannot enumerate AMD northbridges
[    4.172587] clocksource: Switched to clocksource kvm-clock
[    42274] pprmr:ApArmor Filesystem Enabled
[    4.440241] pnp: PnP ACPI init
[   4.442251] pnp: PnP ACPI: found 3 devices

[   4.484642] clocksource: acpi_pm: mas 0xffffff max_cycles: 0xffffff, max_idle_ns: 2085701024 ns
[    4.581984] NET: Registered protocol family 2

[    4.583557] TCP established hash table entries: 8192 (order: 4, 65536 bytes)
[    4.586589] TCP bind hash table entries: 8192 (order: 5, 131072 bytes)
[    4.5894]TCP:as tables configured (established 8192 bind 8192)
[    4.783634] UDP hash table entries: 512 (order: 2, 16384 bytes)
[    4.7882 UDP-Lite hash table entris:51 (rder: 2,1684byes
   510932] NET: Registeredprtoolfail 1
[   .4224] pci 0000:00:00.0: Limiin dret CIPC transfers
[    5.724880] pci 0000:00:01.0: Activating ISA DMA hang workarounds
[    5.726807] Unpacking initramfs...

[    6.086852] Freeing initrd memory: 14788K
[    6.105526] RAPL MUdeeced AI ni i 2-3 Juls,4 fixed counters 10737418240 ms ovfl timer
[   .5941]hwunt of domain pp0-core 2^-0 Joules

[    6.707451] hw unit of domain package 2^-0 Joules
[    6.720181] hw unit of domain dram 2^-0 Joules
[    6.747423] hw unit of domain pp1-gpu 2^-0 Joules
[    6.761704] platform rtc_cmos: registered platform RTC device (no PNP device found)
[    6.763932] Scanning for low memory corruption every 60 seconds
[    6.770638] audit: initializing netlink subsys (disabled)
[    6.783906] audit: type=2000 audit(1539706694.724:1): initialized
[    6.806768] Initialise system trusted keyring
[    6.821863] HugeTLB registered 2 MB page size, pre-allocated 0 pages
[    6.843174] zbud: loaded
[    6.847327] VFS: Disk quotas dquot_6.6.0
[    6.855823] VFS: Dquot-cache hash table entries: 512 (order 0, 4096 bytes)
[    6.858164] squashfs: version 4.0 (2009/01/31) Phillip Lougher
[    6.860981] fuse init (API version 7.23)
[    6.863177] Key type big_key registered
[    6.865981] Allocating IMA MOK and blacklist keyrings.
[    6.882707] Key type asymmetric registered
[    6.937423] Asymmetric key parser 'x509' registered
[    6.977461] Block layer SCSI generic (bsg) driver version 0.4 loaded (major 249)
[    6.983183] io scheduler noop registered
[    6.985060] io scheduler deadline registered (default)
[    6.987529] io scheduler cfq registered
[    6.991179] pci_hotplug: PCI Hot Plug PCI Core version: 0.5
[    6.995210] pciehp: PCI Express Hot Plug Controller Driver version: 0.4
[    6.998232] ACPI: AC Adapter [AC] (on-line)
[    7.011240] input: Power Button as /devices/LNXSYSTM:00/LNXPWRBN:00/input/input0
[    7.014164] ACPI: Power Button [PWRF]
[    7.025273] input: Sleep Button as /devices/LNXSYSTM:00/LNXSLPBN:00/input/input1
[    7.041847] ACPI: Sleep Button [SLPF]
[    7.044287] ACPI: Battery Slot [BAT0] (battery present)
[    7.050163] GHES: HEST is not enabled!
[    7.069406] Serial: 8250/16550 driver, 32 ports, IRQ sharing enabled
[    7.102684] 00:02: ttyS0 at I/O 0x3f8 (irq = 4, base_baud = 115200) is a 16550A
[    7.106341] Linux agpgart interface v0.103
[    7.131398] loop: module loaded
[    7.158733] scsi host0: ata_piix
[    7.177454] scsi host1: ata_piix
[    7.206585] ata1: PATA max UDMA/33 cmd 0x1f0 ctl 0x3f6 bmdma 0xd000 irq 14
[    7.227679] ata2: PATA max UDMA/33 cmd 0x170 ctl 0x376 bmdma 0xd008 irq 15
[    7.257877] libphy: Fixed MDIO Bus: probed
[    7.266750] tun: Universal TUN/TAP device driver, 1.6
[    7.269674] tun: (C) 1999-2004 Max Krasnyansky <maxk@qualcomm.com>
[    7.277723] PPP generic driver version 2.4.2
[    7.309420] ehci_hcd: USB 2.0 'Enhanced' Host Controller (EHCI) Driver
[    7.329884] ehci-pci: EHCI PCI platform driver
[    7.341077] ehci-platform: EHCI generic platform driver
[    7.357642] ohci_hcd: USB 1.1 'Open' Host Controller (OHCI) Driver
[    7.359349] ohci-pci: OHCI PCI platform driver
[    7.376921] ohci-platform: OHCI generic platform driver
[    7.380605] uhci_hcd: USB Universal Host Controller Interface driver
[    7.382299] i8042: PNP: PS/2 Controller [PNP0303:PS2K,PNP0f03:PS2M] at 0x60,0x64 irq 1,12
[    7.410726] serio: i8042 KBD port at 0x60,0x64 irq 1
[    7.426678] serio: i8042 AUX port at 0x60,0x64 irq 12
[    7.436446] mousedev: PS/2 mouse device common for all mice
[    7.451249] input: AT Translated Set 2 keyboard as /devices/platform/i8042/serio0/input/input2
[    7.453619] rtc_cmos rtc_cmos: rtc core: registered rtc_cmos as rtc0
[    7.479853] rtc_cmos rtc_cmos: alarms up to one day, 114 bytes nvram
[    7.501521] i2c /dev entries driver
[    7.507293] device-mapper: uevent: version 1.0.3
[    7.508788] device-mapper: ioctl: 4.34.0-ioctl (2015-10-28) initialised: dm-devel@redhat.com
[    7.525293] ledtrig-cpu: registered to indicate activity on CPUs
[    7.532219] NET: Registered protocol family 10
[    7.535017] NET: Registered protocol family 17
[    7.550427] Key type dns_resolver registered
[    7.551904] registered taskstats version 1
[    7.553194] Loading compiled-in X.509 certificates
[    7.593865] Loaded X.509 cert 'Build time autogenerated kernel key: 20acc96b50ca7641011eace69d32209215a9b56f'
[    7.635667] zswap: loaded using pool lzo/zbud
[    7.639449] Key type trusted registered
[    7.648032] Key type encrypted registered
[    7.654794] AppArmor: AppArmor sha1 policy hashing enabled
[    7.698300] ima: No TPM chip found, activating TPM-bypass!
[    7.725837] ima: Allocated hash algorithm: sha1
[    7.759445] evm: HMAC attrs: 0x1
[    7.770249]   Magic number: 6:196:338
[    7.773310] tsc: Refined TSC clocksource calibration: 1600.302 MHz
[    7.773313] clocksource: tsc: mask: 0xffffffffffffffff max_cycles: 0x171142558fe, max_idle_ns: 440795279586 ns
[    7.979866] tty tty59: hash matches
[    7.984900] rtc_cmos rtc_cmos: setting system clock to 2018-10-16 16:18:14 UTC (1539706694)
[    7.988068] BIOS EDD facility v0.16 2004-Jun-25, 0 devices found
[    8.001007] EDD information not available.
[    8.003802] Freeing unused kernel memory: 1528K
[    8.024842] Write protecting the kernel read-only data: 14336k
[    8.027809] Freeing unused kernel memory: 1672K
[    8.052775] Freeing unused kernel memory: 92K
Loading, please wait...
starting version[    8.126515] random: udevadm: uninitialized urandom read (16 bytes read, 3 bits of entropy available)
 229
[    8.126643] random: systemd-udevd: uninitialized urandom read (16 bytes read, 3 bits of entropy available)
[    8.126772] random: systemd-udevd: uninitialized urandom read (16 bytes read, 3 bits of entropy available)
[    8.126791] random: systemd-udevd: uninitialized urandom read (16 bytes read, 3 bits of entropy available)
[    8.126813] random: systemd-udevd: uninitialized urandom read (16 bytes read, 3 bits of entropy available)
[    8.150861] random: udevadm: uninitialized urandom read (16 bytes read, 3 bits of entropy available)
[    8.159452] random: systemd-udevd: uninitialized urandom read (16 bytes read, 3 bits of entropy available)
[    8.163001] random: systemd-udevd: uninitialized urandom read (16 bytes read, 3 bits of entropy available)
[    8.163938] random: udevadm: uninitialized urandom read (16 bytes read, 3 bits of entropy available)
[    8.164035] random: udevadm: uninitialized urandom read (16 bytes read, 3 bits of entropy available)
[    8.220258] e1000: Intel(R) PRO/1000 Network Driver - version 7.3.21-k8-NAPI
[    8.243725] e1000: Copyright (c) 1999-2006 Intel Corporation.
[    8.257764] Fusion MPT base driver 3.04.20
[    8.259456] Copyright (c) 1999-2008 LSI Corporation
[    8.274896] Fusion MPT SPI Host driver 3.04.20
[    8.295425] AVX2 version of gcm_enc/dec engaged.
[    8.296904] AES CTR mode by8 optimization enabled
[    8.469647] input: ImExPS/2 Generic Explorer Mouse as /devices/platform/i8042/serio1/input/input4
[    8.663887] e1000 0000:00:03.0 eth0: (PCI:33MHz:32-bit) 02:28:89:27:00:51
[    8.671540] e1000 0000:00:03.0 eth0: Intel(R) PRO/1000 Network Connection
[    8.700230] mptbase: ioc0: Initiating bringup
[    8.781103] ioc0: LSI53C1030 A0: Capabilities={Initiator}
[    8.952884] scsi host2: ioc0: LSI53C1030 A0, FwRev=00000000h, Ports=1, MaxQ=256, IRQ=20
[    9.065623] scsi 2:0:0:0: Direct-Access     VBOX     HARDDISK         1.0  PQ: 0 ANSI: 5
[    9.094465] scsi target2:0:0: Beginning Domain Validation
[    9.101355] scsi target2:0:0: Domain Validation skipping write tests
[    9.103187] scsi target2:0:0: Ending Domain Validation
[    9.117986] scsi target2:0:0: asynchronous
[    9.120821] scsi 2:0:1:0: Direct-Access     VBOX     HARDDISK         1.0  PQ: 0 ANSI: 5
[    9.123399] scsi target2:0:1: Beginning Domain Validation
[    9.131636] scsi target2:0:1: Domain Validation skipping write tests
[    9.133236] scsi target2:0:1: Ending Domain Validation
[    9.134601] scsi target2:0:1: asynchronous
[    9.154062] sd 2:0:0:0: Attached scsi generic sg0 type 0
[    9.156964] sd 2:0:1:0: Attached scsi generic sg1 type 0
[    9.165389] sd 2:0:0:0: [sda] 20971520 512-byte logical blocks: (10.7 GB/10.0 GiB)
[    9.246737] sd 2:0:1:0: [sdb] 20480 512-byte logical blocks: (10.5 MB/10.0 MiB)
[    9.263544] sd 2:0:1:0: [sdb] Write Protect is off
[    9.267538] sd 2:0:0:0: [sda] Write Protect is off
[    9.274993] sd 2:0:1:0: [sdb] Incomplete mode parameter data
[    9.278290] sd 2:0:1:0: [sdb] Assuming drive cache: write through
[    9.283353] sd 2:0:0:0: [sda] Incomplete mode parameter data
[    9.291845] sd 2:0:0:0: [sda] Assuming drive cache: write through
[    9.302128] sd 2:0:1:0: [sdb] Attached SCSI disk
[    9.324714]  sda: sda1
[    9.339090] sd 2:0:0:0: [sda] Attached SCSI disk
[    9.519713] e1000 0000:00:08.0 eth1: (PCI:33MHz:32-bit) 08:00:27:5a:f4:c0
[    9.537928] e1000 0000:00:08.0 eth1: Intel(R) PRO/1000 Network Connection
[    9.930365] e1000 0000:00:09.0 eth2: (PCI:33MHz:32-bit) 08:00:27:e2:85:53
[    9.979662] e1000 0000:00:09.0 eth2: Intel(R) PRO/1000 Network Connection
[   10.015052] e1000 0000:00:03.0 enp0s3: renamed from eth0
[   10.029498] e1000 0000:00:09.0 enp0s9: renamed from eth2
[   10.041278] e1000 0000:00:08.0 enp0s8: renamed from eth1
Begin: Loading e[   11.476136] md: linear personality registered for level -1
ssential drivers[   11.503806] md: multipath personality registered for level -4
 ... [   11.622549] md: raid0 personality registered for level 0
[   11.641144] md: raid1 personality registered for level 1
[   11.712633] raid6: sse2x1   gen()  7690 MB/s
[   11.784717] raid6: sse2x1   xor()  5365 MB/s
[   11.876775] raid6: sse2x2   gen()  9676 MB/s
[   11.948628] raid6: sse2x2   xor()  6188 MB/s
[   12.054036] raid6: sse2x4   gen() 11414 MB/s
[   12.129194] raid6: sse2x4   xor()  7868 MB/s
[   12.200643] raid6: avx2x1   gen() 14541 MB/s
[   12.268722] raid6: avx2x2   gen() 16791 MB/s
[   12.356718] raid6: avx2x4   gen() 17775 MB/s
[   12.359081] raid6: using algorithm avx2x4 gen() 17775 MB/s
[   12.360537] raid6: using avx2x2 recovery algorithm
[   12.371810] xor: automatically using best checksumming function:
[   12.436824]    avx       : 21750.000 MB/sec
[   12.461226] async_tx: api initialized (async)
[   12.475508] md: raid6 personality registered for level 6
[   12.477201] md: raid5 personality registered for level 5
[   12.490082] md: raid4 personality registered for level 4
[   12.531241] md: raid10 personality registered for level 10
done.
Begin: Running /scripts/init-premount ... done.
Begin: Mounting root file system ... Begin: Running /scripts/[   12.568354] Btrfs loaded
local-top ... done.
Begin: Running /scripts/local-premount ... Scanning for Btrfs filesystems
done.
Warning: fsck no[   12.640388] EXT4-fs (sda1): mounted filesystem with ordered data mode. Opts: (null)
t present, so skipping root file system
done.
Begin: Running /scripts/local-bottom ... done.
Begin: Running /scripts/init-bottom ... done.
[   12.972958] systemd[1]: systemd 229 running in system mode. (+PAM +AUDIT +SELINUX +IMA +APPARMOR +SMACK +SYSVINIT +UTMP +LIBCRYPTSETUP +GCRYPT +GNUTLS +ACL +XZ -LZ4 +SECCOMP +BLKID +ELFUTILS +KMOD -IDN)
[   13.021977] systemd[1]: Detected virtualization oracle.
[   13.023676] systemd[1]: Detected architecture x86-64.

Welcome to [1mUbuntu 16.04.5 LTS[0m!

[   13.035136] systemd[1]: Set hostname to <ubuntu>.
[   13.078392] systemd[1]: Initializing machine ID from random generator.
[   13.113639] systemd[1]: Installed transient /etc/machine-id file.
[   13.605894] systemd[1]: Set up automount Arbitrary Executable File Formats File System Automount Point.
[[0;32m  OK  [0m] Set up automount Arbitrary Executab...ats File System Automount Point.
[  13.71718] ystemd[1]: Started Trger resolvconf update r etord DNS.

[[0;32m  OK  [0m] Started Trigger resolvconf update for networkd DNS.
[   14.090040] systemd[1]: Created slice System Slice.
[[0;32m  OK  [0m] Created slice System Slice.
[  1.1955]sysem[1]: Started ForwrdPaswrd Requests to Wall Directory Watch.

[[0;32m  OK  [0m] Started Forward Password Requests to Wall Directory Watch.
[   14.47577]syted[1]: Listening o LM2pol daemon socket.

[[0;32m  OK  [0m] Listening on LVM2 poll daemon socket.
[   14.728581] systemd[1]: Listening on Syslog Socket.
[[0;32m  OK  [0m] Listening on Syslog Socket.
[  1.7325]syted[]: Reached target Swap.

[[0;32m  OK  [0m] Reached target Swap.
[   14.981799] systemd[1]: Listening on Journal Audit Socket.
[[0;32m  OK  [0m] Listening on Journal Audit Socket.
[  1521099] systemd[1]: Reached target Encrypted Volumes.

[[0;32m  OK  [0m] Reached target Encrypted Volumes.
[   15.120426] systemd[1]: Listening on udev Kernel Socket.
[[0;32m  OK  [0m] Listening on udev Kernel Socket.
[   15.123851] systemd[1]: Reached target System Time Synchronized.
[[0;32m  OK  [0m] Reached target System Time Synchronized.
[   15.491320] systemd[1]: Listenng on LVM2 meadtadamo sckt.
[[0;32m  OK  [0m] Listening on LVM2 metadata daemon socket.
[   15.817827] systemd[1]: Listnig n ouna Sckt.

[[0;32m  OK  [0m] Listening on Journal Socket.
[   16.121382] systemd[1]: Mounting Debug File System...
         Mounting Debug File System...
[   16.188949] systemd[1]: Starting Nameserver information manager...
         Starting Nameserver information manager...
[   16.207356] random: nonblocking pool is initialized
[   16.227651] systemd[1]: Starting Load Kernel Modules...
         Starting Load Kernel Modules...
[   16.248011] systemd[1]: Starting Set console keymap...
         Starting Set console keymap...
[   16.266402] Loading iSCSI transport class v2.0-870.
[   16.270941] systemd[1]: Mounting POSIX Message Queue File System...
         Mountin[   16.284370] iscsi: registered transport (tcp)
g POSIX Message Queue File System...
[   16.310402] systemd[1]: Listening on Journal Socket (/dev/log).
[[0;32m  OK  [0m] Listening on Journal Socket (/dev/log).
[   16.322642] systemd[1]: Created slice User and Session Slice.
[[0;32m  OK  [0m] Created slice User and Session Slice.
[   16.326013] systemd[1]: Reached target Slices.
[[0;32m  OK  [0m] Reached target Slices.
[   16.332055] systemd[1]: Created slice system-serial\x2dgetty.slice.
[[0;32m  OK  [0m] Created slice system-serial\x2dgetty.slice.
[   16.335157] systemd[1]: Listening on udev Control Socket.
[[0;32m  OK  [0m] Listening on udev Control Socket.
[   16.349293] systemd[1]: Starting Create list of required static device nodes for the current kernel...
         Starting Create list of required st... [   16.382829] iscsi: registered transport (iser)
nodes for the current kernel...
[   16.429633] systemd[1]: Starting Uncomplicated firewall...
         Starting Uncomplicated firewall...
[   16.453287] systemd[1]: Listening on /dev/initctl Compatibility Named Pipe.
[[0;32m  OK  [0m] Listening on /dev/initctl Compatibility Named Pipe.
[   16.553484] systemd[1]: Mounting Huge Pages File System...
         Mounting Huge Pages File System...
[   16.589595] systemd[1]: Starting Journal Service...
         Starting Journal Service...
[   16.621052] systemd[1]: Listening on Device-mapper event daemon FIFOs.
[[0;32m  OK  [0m] Listening on Device-mapper event daemon FIFOs.
[   16.673622] systemd[1]: Starting Monitoring of LVM2 mirrors, snapshots etc. using dmeventd or progress polling...
         Starting Monitoring of LVM2 mirrors... dmeventd or progress polling...
[   16.714499] systemd[1]: Reached target User and Group Name Lookups.
[[0;32m  OK  [0m] Reached target User and Group Name Lookups.
[   16.761236] systemd[1]: Starting Remount Root and Kernel File Systems...
[   16.767439] EXT4-fs (sda1): re-mounted. Opts: (null)
         Starting Remount Root and Kernel File Systems...
[   16.818421] systemd[1]: Mounted Debug File System.
[[0;32m  OK  [0m] Mounted Debug File System.
[   16.877089] systemd[1]: Mounted POSIX Message Queue File System.
[[0;32m  OK  [0m] Mounted POSIX Message Queue File System.
[   16.940987] systemd[1]: Mounted Huge Pages File System.
[[0;32m  OK  [0m] Mounted Huge Pages File System.
[   17.045730] systemd[1]: Started Journal Service.
[[0;32m  OK  [0m] Started Journal Service.
[[0;32m  OK  [0m] Started Load Kernel Modules.
[[0;32m  OK  [0m] Started Set console keymap.
[[0;32m  OK  [0m] Started Create list of required sta...ce nodes for the current kernel.
[[0;32m  OK  [0m] Started Uncomplicated firewall.
[[0;32m  OK  [0m] Started Remount Root and Kernel File Systems.
[[0;32m  OK  [0m] Started Nameserver information manager.
[[0;32m  OK  [0m] Started LVM2 metadata daemon.
         Starting Load/Save Random Seed...
         Starting udev Coldplug all Devices...
         Starting Create Static Device Nodes in /dev...
         Starting Apply Kernel Variables...
         Mounting FUSE Control File System...
         Starting Flush Journal to Persistent Storage...
[[0;32m  OK  [0m] Mounted FUSE Control File System.
[[0;32m  OK  [0m] Started Load/Save Random Seed.
[[0;32m  OK  [0m] Started Create Static Device Nodes in /dev.
[[0;32m  OK  [0m] Started Apply Kernel Variables.
[[0;32m  OK  [0m] Started udev Coldplug all Devices.
         Starting udev Kernel Device Manager...
[[0;32m  OK  [0m] Started Flush Journal to Persistent Storage.
[[0;32m  OK  [0m] Started udev Kernel Device Manager.
[[0;32m  OK  [0m] Started Dispatch Password Requests to Console Directory Watch.
[[0;32m  OK  [0m] Started Monitoring of LVM2 mirrors,...ng dmeventd or progress polling.
[[0;32m  OK  [0m] Reached target Local File Systems (Pre).
[[0;32m  OK  [0m] Reached target Local File Systems.
         Starting LSB: AppArmor initialization...
         Starting Set console font and keymap...
         Starting Initial cloud-init job (pre-networking)...
         Starting Tell Plymouth To Write Out Runtime Data...
         Starting Create Volatile Files and Directories...
         Starting Commit a transient machine-id on disk...
[[0;32m  OK  [0m] Started Create Volatile Files and Directories.
[[0;32m  OK  [0m] Started Tell Plymouth To Write Out Runtime Data.
[[0;32m  OK  [0m] Started Commit a transient machine-id on disk.
[[0;32m  OK  [0m] Found device /dev/ttyS0.
[[0;32m  OK  [0m] Listening on Load/Save RF Kill Switch Status /dev/rfkill Watch.
         Starting Update UTMP about System Boot/Shutdown...
[[0;32m  OK  [0m] Started Update UTMP about System Boot/Shutdown.
[[0;32m  OK  [0m] Started LSB: AppArmor initialization.
[[0;32m  OK  [0m] Started Set console font and keymap.
[[0;32m  OK  [0m] Created slice system-getty.slice.
[   16.511220] cloud-init[478]: Cloud-init v. 18.3-9-g2e62cb8a-0ubuntu1~16.04.2 running 'init-local' at Tue, 16 Oct 2018 16:18:26 +0000. Up 15.96 seconds.
[[0;32m  OK  [0m] Started Initial cloud-init job (pre-networking).
[[0;32m  OK  [0m] Reached target Network (Pre).
         Starting Raise network interfaces...
[[0;32m  OK  [0m] Started Raise network interfaces.
[[0;32m  OK  [0m] Reached target Network.
         Starting Initial cloud-init job (metadata service crawler)...
[   18.640299] cloud-init[954]: Cloud-init v. 18.3-9-g2e62cb8a-0ubuntu1~16.04.2 running 'init' at Tue, 16 Oct 2018 16:18:27 +0000. Up 17.44 seconds.
[   18.705238] [cloud-init[0;32m  OK  [0m[954]: ] ci-info: +++++++++++++++++++++++++++++++++++++Net device info++++++++++++++++++++++++++++++++++++++Started Initial cloud-init job (metadata service crawler).

[   18.706064] cloud-init[954]: ci-info: +--------+-------+--------------------------+---------------+--------+-------------------+
[   18.892982] [[0;32m  OK  [0m] Reached target System Initialization.
         Starting Socket activation for snappy daemon.
[[0;32m  OK  [0m] Started Daily apt download activities.
[[0;32m  OK  [0m] Listening on UUID daemon activation socket.
cloud-init[954]: ci-info: | Device |   Up  |         Address          |      Mask     | Scope  |     Hw-Address    |
[   19.029449] [cloud-init[0;32m  OK  [0m[954]: ] ci-info: +--------+-------+--------------------------+---------------+--------+-------------------+Started ACPI Events Check.

[   19.100710] [[0;32m  OK  [0m] Reached target Paths.
[[0;32m  OK  [0m] Listening on ACPID Listen Socket.
[[0;32m  OK  [0m] Started Daily apt upgrade and clean activities.
[[0;32m  OK  [0m] Listening on D-Bus System Message Bus Socket.
cloud-init[954]: ci-info: | enp0s3 |  True |        10.0.2.15         | 255.255.255.0 | global | 02:28:89:27:00:51 |
[   19.297053]          Starting LXD - unix socket.
[[0;32m  OK  [0m] Started Daily Cleanup of Temporary Directories.
[[0;32m  OK  [0m] Reached target Timers.
[[0;32m  OK  [0m] Reached target Network is Online.
cloud-init[954]: ci-info: | enp0s3 |  True | fe80::28:89ff:fe27:51/64 |       .       |  link  | 02:28:89:27:00:51 |
[   19.426938]          Starting iSCSI initiator daemon (iscsid)...
[[0;32m  OK  [0m] Reached target Cloud-config availability.
[[0;32m  OK  [0m] Listening on Socket activation for snappy daemon.
[[0;32m  OK  [0m] Listening on LXD - unix socket.
cloud-init[954]: ci-info: | enp0s8 | False |            .             |       .       |   .    | 08:00:27:5a:f4:c0 |
[   19.437807] cloud-init[954]: ci-info: | enp0s9 | False |            .             |       .       |   .    | 08:00:27:e2:85:53 |
[   19.442463] cloud-init[954]: ci-info: |   lo   |  True |        127.0.0.1         |   255.0.0.0   |  host  |         .         |
[   19.446514] cloud-init[954]: ci-info: |   lo   |  True |         ::1/128          |       .       |  host  |         .         |
[   19.450637] cloud-init[954]: ci-info: +--------+-------+--------------------------+---------------+--------+-------------------+
[[0;32m  OK  [0m] Reached target Sockets.
[   19.460625] [[0;32m  OK  [0m] Reached target Basic System.
cloud-init[954]: ci-info: +++++++++++++++++++++++++++Route IPv4 info++++++++++++++++++++++++++++
[   19.466039] cloud-init[954]: ci-info: +-------+-------------+----------+---------------+-----------+-------+
[   19.492991] cloud-init[954]: ci-info: | Route | Destination | Gateway  |    Genmask    | Interface | Flags |
[   19.493673] cloud-init[954]: ci-info: +-------+-------------+----------+---------------+-----------+-------+
[[0;32m  OK  [0m] Started ACPI event daemon.
[   19.494145] cloud-init[954]: ci-info: |   0   |   0.0.0.0   | 10.0.2.2 |    0.0.0.0    |   enp0s3  |   UG  |
[   19.516342] cloud-init[954]: ci-info: |   1   |   10.0.2.0  | 0.0.0.0  | 255.255.255.0 |   enp0s3  |   U   |
[   19.529006] cloud-init[954]: ci-info: +-------+-------------+----------+---------------+-----------+-------+
[   19.529456] cloud-init[954]: ci-info: +++++++++++++++++++Route IPv6 info+++++++++++++++++++
[[0;32m  OK  [0m] Started Deferred execution scheduler.
[   19.529927] cloud-init[954]: ci-info: +-------+-------------+---------+-----------+-------+
[   19.708957] cloud-init[954]: ci-info: | Route | Destination | Gateway | Interface | Flags |
[   19.709511] cloud-init[954]: ci-info: +-------+-------------+---------+-----------+-------+
[[0;32m  OK  [0m] Started D-Bus System Message Bus.
[   19.710462] cloud-init[954]: ci-info: |   0   |  fe80::/64  |    ::   |   enp0s3  |   U   |
[   19.977144] cloud-init[954]: ci-info: |   3   |   ff00::/8  |    ::   |   enp0s3  |   U   |
[   19.977703] cloud-init         [954]: Starting Accounts Service...ci-info: +-------+-------------+---------+-----------+-------+

         Starting Virtualbox guest utils...
[[   20.047317] cloud-init[954]: Generating public/private rsa key pair.
[0;32m  OK  [0m] Started Unattended Upgrades Shutdown.
[   20.065496] cloud-init[954]: Your identification has been saved in /etc/ssh/ssh_host_rsa_key.
[   20.132309] cloud-init[954]: Your public key has been saved in /etc/ssh/ssh_host_rsa_key.pub.
[   20.132656] cloud-init[954]: The key fingerprint is:
         Starting Pollinate to seed the pseudo random number generator...
[   20.133339] cloud-init[954]: SHA256:vasMc0jF2hwsjyAkMB98rq2eWRmZprKJkdvsfiNq2dc root@ubuntu-xenial
[   20.280515] cloud-init[954]: The key's randomart image is:
[   20.280846] cloud-init[954]: +---[RSA 2048]----+
[   20.281272] cloud-init[954]: |=.o              |
[   20.281480] cloud-init[954]: | =...  o         |
[   20.281899] cloud-init[954]: |  oo. . =        |
[   20.282348] cloud-init[954]: |   ..+ O o       |
[   20.282605] cloud-init[954]: |   o= + S .      |
[   20.282831] cloud-init[954]: | ..o.+ .   .     |
[   20.283054] cloud-init         [954]: Starting LXD - container startup/shutdown...|+ +.o = . .      |

[   20.283923] cloud-init[954]: |.@o=o. E   .     |
[   20.426076] [[0;32m  OK  [0m] Started Regular background program processing daemon.
         Starting /etc/rc.local Compatibility...
cloud-init         Starting LSB: Record successful boot for GRUB...
         Starting LSB: MD monitoring daemon...
         Starting Login Service...
[[0;32m  OK  [0m] Started FUSE filesystem for LXC.
         Starting System Logging Service...
[954]: |B=Oo..  o..      |
[   20.443977] cloud-init[954]: +----[SHA256]-----+
         Starting Snappy daemon...
[   20.497771] [[0;32m  OK  [0m] Started iSCSI initiator daemon (iscsid).
[[0;32m  OK  [0m] Started /etc/rc.local Compatibility.
cloud-init[954]: Generating public/private dsa key pair.
[   20.511416] cloud-init[954]: Your identification has been saved in /etc/ssh/ssh_host_dsa_key.
[   20.572758] [cloud-init[0;32m  OK  [0m[954]: ] Your public key has been saved in /etc/ssh/ssh_host_dsa_key.pub.Started System Logging Service.

[[0;32m  OK  [0m] Started LXD - container startup/shutdown.
[   20.627185] [cloud-init[0;32m  OK  [0m[954]: ] The key fingerprint is:Started Virtualbox guest utils.

[   20.697595] cloud-init[954]: SHA256:pxlzzlzVRp1mKte5Np/B7Klxhft3Hf0VMgOmWrL6VDQ root@ubuntu-xenial
[[0;32m  OK  [0m] Started Pollinate to seed the pseudo random number generator.
[   20.699240] cloud-init[954]: The key's randomart image is:
[   20.801520] cloud-init[954]: +---[DSA 1024]----+
[   20.824872]          cloud-initStarting Authenticate and Authorize Users to Run Privileged Tasks...[954]: 
|                +|
         Starting OpenBSD Secure Shell server...
[   20.869149] cloud-init[954]: |           o   *.|
[   20.924481]          Starting Login to default iSCSI targets...
cloud-init[[0;32m  OK  [0m] Started OpenBSD Secure Shell server.
[[0;32m  OK  [0m] Started Snappy daemon.
[[0;32m  OK  [0m] Started LSB: Record successful boot for GRUB.
[[0;32m  OK  [0m] Started LSB: MD monitoring daemon.
[[0;32m  OK  [0m] Started Login Service.
[[0;32m  OK  [0m] Started Authenticate and Authorize Users to Run Privileged Tasks.
[[0;32m  OK  [0m] Started Accounts Service.
[954]: |         Eo . * +|
[   20.960825] cloud-init[954]: |       ..o.. B * |         Starting Wait until snapd is fully seeded...

[   20.977724] cloud-init[954]: |        S.o + B =|
[   20.981825] cloud-init[954]: |       o.@ .   X+|
[   20.987373] cloud-init[954]: |      ..o +  .+.@|
[   20.991331] cloud-init[954]: |     ..       o=*|
[   21.005134] [cloud-init[0;32m  OK  [0m[954]: ] |      ..     .. +|Started Login to default iSCSI targets.

[[0;32m  OK  [0m] Reached target Remote File Systems (Pre).
[[0;32m  OK  [0m] Reached target Remote File Systems.
[   21.047101] cloud-init[954]: +----[SHA256]-----+
[   21.112271]          Starting Permit User Sessions...
         Starting LSB: Set the CPU Frequency Scaling governor to "ondemand"...
         Starting LSB: daemon to balance interrupts for SMP systems...
cloud-init[954]: Generating public/private ecdsa key pair.
[   21.122401]          cloud-initStarting LSB: automatic crash report generation...[954]: 
Your identification has been saved in /etc/ssh/ssh_host_ecdsa_key.
[   21.132919] [[0;32m  OK  [0m] Started Permit User Sessions.
cloud-init[954]: Your public key has been saved in /etc/ssh/ssh_host_ecdsa_key.pub.
[   21.176663] cloud-init         Starting Hold until boot process finishes up...
         Starting Terminate Plymouth Boot Screen...
[954]: The key fingerprint is:
[   21.183592] cloud-init[954]: SHA256:L8n3eIkU98sh3r0m/jqujGHPiyGhBdEXOaDMfhq44Es root@ubuntu-xenial
[[0;32m  OK  [0m] Started Hold until boot process finishes up.
[   21.185321] cloud-init[[0;32m  OK  [0m] Started Terminate Plymouth Boot Screen.
[954]: The key's randomart image is:
[   21.230998] cloud-init[954]: +---[ECDSA 256]---+
[   21.232868] cloud-init[954]: |     .....o      |
[   21.234826] cloud-init[954]: |    o o. +       |
[[0;32m  OK  [0m] Started LSB: Set the CPU Frequency Scaling governor to "ondemand".
[   21.241220] cloud-init[954]: |     =  . .      |
[   21.252085] cloud-init[954]: |    o .   . .    |
[[0;32m  OK  [0m] Started Getty on tty1.
[   21.271884] cloud-init[954]: | . . o +S  o .   |
         Starting Set console scheme...
[[0;32m  OK  [0m] Started Serial Getty on ttyS0.
[[0;32m  OK  [0m] Reached target Login Prompts.
[[0;32m  OK  [0m] Started LSB: daemon to balance interrupts for SMP systems.
[[0;32m  OK  [0m] Started LSB: automatic crash report generation.
[[0;32m  OK  [0m] Started Set console scheme.
[   21.324995] cloud-init[954]: |. . . *..o. . o  |
[   21.336869] cloud-init[954]: | E . o .+=oo = + |
[   21.341483] cloud-init[954]: |. .     ooXo+o+..|
[   21.373270] cloud-init[954]: | .       o.B*+*o.|
[   21.408904] cloud-init[954]: +----[SHA256]-----+
[   21.437520] cloud-init[954]: Generating public/private ed25519 key pair.
[   21.443633] cloud-init[954]: Your identification has been saved in /etc/ssh/ssh_host_ed25519_key.
[   21.513845] cloud-init[954]: Your public key has been saved in /etc/ssh/ssh_host_ed25519_key.pub.
[   21.572676] cloud-init[954]: The key fingerprint is:
[   21.609071] cloud-init[954]: SHA256:2K6gNoJ+2FE9TevE5285FB3iX/xKWJKx+Y+xcJsOch4 root@ubuntu-xenial
[   21.657094] cloud-init[954]: The key's randomart image is:
[   21.667549] cloud-init[954]: +--[ED25519 256]--+
[   21.709322] cloud-init[954]: |                 |
[   21.728683] cloud-init[954]: |         .  .. . |
[   21.749267] cloud-init[954]: |      . + . .=o..|
[   21.763817] cloud-init[954]: |     . = = .=o..o|
[   21.767370] cloud-init[954]: |    . . S o  =o o|
[   21.769853] cloud-init[954]: |   .   . . .o.=..|
[   21.777190] cloud-init[954]: |. o o   . . E+.O |
[   21.779346] cloud-init[954]: |o.o+ . .   + B* .|
[   21.781321] cloud-init[954]: |.+o.  .     o.o  |
[   21.783215] cloud-init[954]: +----[SHA256]-----+
[[0;32m  OK  [0m] Started Wait until snapd is fully seeded.
[[0;32m  OK  [0m] Reached target Multi-User System.
[[0;32m  OK  [0m] Reached target Graphical Interface.
         Starting Update UTMP about System Runlevel Changes...
         Starting Apply the settings specified in cloud-config...
[[0;32m  OK  [0m] Started Update UTMP about System Runlevel Changes.
[   23.164303] cloud-init[1283]: Generating locales (this might take a while)...
[   24.112251] cloud-init[1283]:   en_US.UTF-8... done
[   24.115397] cloud-init[1283]: Generation complete.
[[0;32m  OK  [0m] Created slice User Slice of vagrant.
[[0;32m  OK  [0m] Started Session 1 of user vagrant.
         Starting User Manager for UID 1000...
[[0;32m  OK  [0m] Started User Manager for UID 1000.
[   24.890450] cloud-init[1283]: Cloud-init v. 18.3-9-g2e62cb8a-0ubuntu1~16.04.2 running 'modules:config' at Tue, 16 Oct 2018 16:18:33 +0000. Up 22.92 seconds.
[[0;32m  OK  [0m] Started Apply the settings specified in cloud-config.
         Starting Execute cloud user/final scripts...
ci-info: no authorized ssh keys fingerprints found for user ubuntu.
<14>Oct 16 16:18:36 ec2: 
<14>Oct 16 16:18:36 ec2: #############################################################
<14>Oct 16 16:18:36 ec2: -----BEGIN SSH HOST KEY FINGERPRINTS-----
<14>Oct 16 16:18:36 ec2: 1024 SHA256:pxlzzlzVRp1mKte5Np/B7Klxhft3Hf0VMgOmWrL6VDQ root@ubuntu-xenial (DSA)
<14>Oct 16 16:18:36 ec2: 256 SHA256:L8n3eIkU98sh3r0m/jqujGHPiyGhBdEXOaDMfhq44Es root@ubuntu-xenial (ECDSA)
<14>Oct 16 16:18:36 ec2: 256 SHA256:2K6gNoJ+2FE9TevE5285FB3iX/xKWJKx+Y+xcJsOch4 root@ubuntu-xenial (ED25519)
<14>Oct 16 16:18:36 ec2: 2048 SHA256:vasMc0jF2hwsjyAkMB98rq2eWRmZprKJkdvsfiNq2dc root@ubuntu-xenial (RSA)
<14>Oct 16 16:18:36 ec2: -----END SSH HOST KEY FINGERPRINTS-----
<14>Oct 16 16:18:36 ec2: #############################################################
-----BEGIN SSH HOST KEY KEYS-----
ecdsa-sha2-nistp256 AAAAE2VjZHNhLXNoYTItbmlzdHAyNTYAAAAIbmlzdHAyNTYAAABBBJAucPuAYwdA43fnjdLJk0PzRLQQhz07SBqoilJvXdg5tggJ5LQjtASbwCnh1Oio1E328yS4mKBhDZtUNA4R6ME= root@ubuntu-xenial
ssh-ed25519 AAAAC3NzaC1lZDI1NTE5AAAAIDQLcSmpBSXREJvsYvUuebJfArHdVU1ojKc+fT3XwV4H root@ubuntu-xenial
ssh-rsa AAAAB3NzaC1yc2EAAAADAQABAAABAQC5L1y2i1FLz6cXke9PCC64ss5RD0gLZUIQ8aZQkr+tuEAnRx6PvQH57+GnTRXWgI1rhwSMFmQV5D7fQQu+TuY0g35OBPCXRsqgrKOn8rPwhiTnLN2HkqhbmQhDQ78Q2mdudFzdsD6s/LkfYTWYgJMrI/VZFzJBZC4w/XOEuc8DwY+5sDRioI4XaH9jvDEItrXmwvtv3rxYKvh1eGqJpXzSMTA0E/TBdpc633BOn4JR+r1XcSg47AnKLBcUlS0IFKXDy8jCVNeKKNY8RGst6u2ST4VYleP/vxCe8CEQQFiy1ClVLQZNEPPPWo9xmofusEGP8l/YsBaaMdipxnG4xr47 root@ubuntu-xenial
-----END SSH HOST KEY KEYS-----
[   26.210886] cloud-init[1379]: Cloud-init v. 18.3-9-g2e62cb8a-0ubuntu1~16.04.2 running 'modules:final' at Tue, 16 Oct 2018 16:18:35 +0000. Up 25.55 seconds.
[   26.229148] cloud-init[1379]: ci-info: no authorized ssh keys fingerprints found for user ubuntu.
[   26.237817] cloud-init[1379]: Cloud-init v. 18.3-9-g2e62cb8a-0ubuntu1~16.04.2 finished at Tue, 16 Oct 2018 16:18:36 +0000. Datasource DataSourceNoCloud [seed=/dev/sdb][dsmode=net].  Up 26.19 seconds

Ubuntu 16.04.5 LTS ubuntu-xenial ttyS0

ubuntu-xenial login: 